******************************************************************************
                  TI ARM Linker PC v20.2.5                     
******************************************************************************
>> Linked Mon May 10 01:32:00 2021

OUTPUT FILE NAME:   <HolaMundo.out>
ENTRY POINT SYMBOL: "_c_int00_noargs"  address: 000007c9


MEMORY CONFIGURATION

         name            origin    length      used     unused   attr    fill
----------------------  --------  ---------  --------  --------  ----  --------
  FLASH                 00000000   00040000  000008a6  0003f75a  R  X
  SRAM                  20000000   00008000  00000204  00007dfc  RW X


SEGMENT ALLOCATION MAP

run origin  load origin   length   init length attrs members
----------  ----------- ---------- ----------- ----- -------
00000000    00000000    000008ac   000008ac    r-x
  00000000    00000000    0000026c   0000026c    r-- .intvecs
  0000026c    0000026c    00000626   00000626    r-x .text
  00000898    00000898    00000014   00000014    r-- .cinit
20000000    20000000    00000204   00000000    rw-
  20000000    20000000    00000200   00000000    rw- .stack
  20000200    20000200    00000004   00000000    rw- .bss


SECTION ALLOCATION MAP

 output                                  attributes/
section   page    origin      length       input sections
--------  ----  ----------  ----------   ----------------
.intvecs   0    00000000    0000026c     
                  00000000    0000026c     tm4c123gh6pm_startup_ccs.obj (.intvecs)

.text      0    0000026c    00000626     
                  0000026c    000002bc     main.obj (.text)
                  00000528    00000132     driverlib.lib : gpio.obj (.text:GPIOPadConfigSet)
                  0000065a    00000002     --HOLE-- [fill = 0]
                  0000065c    000000f4                   : sysctl.obj (.text:SysCtlClockSet)
                  00000750    00000044     rtsv7M4_T_le_v4SPD16_eabi.lib : autoinit.c.obj (.text:__TI_auto_init_nobinit_nopinit:__TI_auto_init_nobinit_nopinit)
                  00000794    00000034     driverlib.lib : sysctl.obj (.text:SysCtlPeripheralEnable)
                  000007c8    00000034     rtsv7M4_T_le_v4SPD16_eabi.lib : boot_cortex_m.c.obj (.text:_c_int00_noargs:_c_int00_noargs)
                  000007fc    0000002a     driverlib.lib : gpio.obj (.text:GPIODirModeSet)
                  00000826    0000001c     rtsv7M4_T_le_v4SPD16_eabi.lib : copy_zero_init.c.obj (.text:decompress:ZI:__TI_zero_init_nomemset:__TI_zero_init_nomemset)
                  00000842    00000018     driverlib.lib : gpio.obj (.text:GPIOPinTypeGPIOOutput)
                  0000085a    00000012                   : gpio.obj (.text:GPIOPinTypeGPIOInput)
                  0000086c    0000000c     tm4c123gh6pm_startup_ccs.obj (.text)
                  00000878    00000006     driverlib.lib : gpio.obj (.text:GPIOPinRead)
                  0000087e    00000006                   : gpio.obj (.text:GPIOPinWrite)
                  00000884    00000006                   : sysctl.obj (.text:SysCtlDelay)
                  0000088a    00000004     rtsv7M4_T_le_v4SPD16_eabi.lib : pre_init.c.obj (.text:_system_pre_init)
                  0000088e    00000004                                   : exit.c.obj (.text:abort:abort)

.cinit     0    00000898    00000014     
                  00000898    00000008     (.cinit..bss.load) [load image, compression = zero_init]
                  000008a0    00000004     (__TI_handler_table)
                  000008a4    00000008     (__TI_cinit_table)

.init_array 
*          0    00000000    00000000     UNINITIALIZED

.bss       0    20000200    00000004     UNINITIALIZED
                  20000200    00000004     (.common:i)

.stack     0    20000000    00000200     UNINITIALIZED
                  20000000    00000004     rtsv7M4_T_le_v4SPD16_eabi.lib : boot_cortex_m.c.obj (.stack)
                  20000004    000001fc     --HOLE--

__llvm_prf_cnts 
*          0    20000000    00000000     UNINITIALIZED

MODULE SUMMARY

       Module                         code   ro data   rw data
       ------                         ----   -------   -------
    .\
       main.obj                       700    0         4      
       tm4c123gh6pm_startup_ccs.obj   12     620       0      
    +--+------------------------------+------+---------+---------+
       Total:                         712    620       4      
                                                              
    C:/ti/TivaWare_C_Series-2.1.4.178/driverlib/ccs/Debug/driverlib.lib
       gpio.obj                       402    0         0      
       sysctl.obj                     302    0         0      
    +--+------------------------------+------+---------+---------+
       Total:                         704    0         0      
                                                              
    C:\ti\ccs1031\ccs\tools\compiler\ti-cgt-arm_20.2.5.LTS\lib\rtsv7M4_T_le_v4SPD16_eabi.lib
       autoinit.c.obj                 68     0         0      
       boot_cortex_m.c.obj            52     0         0      
       copy_zero_init.c.obj           28     0         0      
       exit.c.obj                     4      0         0      
       pre_init.c.obj                 4      0         0      
    +--+------------------------------+------+---------+---------+
       Total:                         156    0         0      
                                                              
       Stack:                         0      0         512    
       Linker Generated:              0      20        0      
    +--+------------------------------+------+---------+---------+
       Grand Total:                   1572   640       516    


LINKER GENERATED COPY TABLES

__TI_cinit_table @ 000008a4 records: 1, size/record: 8, table size: 8
	.bss: load addr=00000898, load size=00000008 bytes, run addr=20000200, run size=00000004 bytes, compression=zero_init


LINKER GENERATED HANDLER TABLE

__TI_handler_table @ 000008a0 records: 1, size/record: 4, table size: 4
	index: 0, handler: __TI_zero_init


GLOBAL SYMBOLS: SORTED ALPHABETICALLY BY Name 

address   name                          
-------   ----                          
0000088f  C$$EXIT                       
000007fd  GPIODirModeSet                
00000529  GPIOPadConfigSet              
00000879  GPIOPinRead                   
0000085b  GPIOPinTypeGPIOInput          
00000843  GPIOPinTypeGPIOOutput         
0000087f  GPIOPinWrite                  
0000086d  ResetISR                      
0000065d  SysCtlClockSet                
00000885  SysCtlDelay                   
00000795  SysCtlPeripheralEnable        
20000200  __STACK_END                   
00000200  __STACK_SIZE                  
20000200  __STACK_TOP                   
000008a4  __TI_CINIT_Base               
000008ac  __TI_CINIT_Limit              
000008a0  __TI_Handler_Table_Base       
000008a4  __TI_Handler_Table_Limit      
00000751  __TI_auto_init_nobinit_nopinit
ffffffff  __TI_pprof_out_hndl           
ffffffff  __TI_prof_data_size           
ffffffff  __TI_prof_data_start          
00000000  __TI_static_base__            
00000827  __TI_zero_init_nomemset       
ffffffff  __binit__                     
ffffffff  __c_args__                    
UNDEFED   __mpu_init                    
20000000  __stack                       
20000000  __start___llvm_prf_cnts       
20000000  __stop___llvm_prf_cnts        
000007c9  _c_int00_noargs               
UNDEFED   _system_post_cinit            
0000088b  _system_pre_init              
0000088f  abort                         
ffffffff  binit                         
00000000  g_pfnVectors                  
20000200  i                             
0000026d  main                          


GLOBAL SYMBOLS: SORTED BY Symbol Address 

address   name                          
-------   ----                          
00000000  __TI_static_base__            
00000000  g_pfnVectors                  
00000200  __STACK_SIZE                  
0000026d  main                          
00000529  GPIOPadConfigSet              
0000065d  SysCtlClockSet                
00000751  __TI_auto_init_nobinit_nopinit
00000795  SysCtlPeripheralEnable        
000007c9  _c_int00_noargs               
000007fd  GPIODirModeSet                
00000827  __TI_zero_init_nomemset       
00000843  GPIOPinTypeGPIOOutput         
0000085b  GPIOPinTypeGPIOInput          
0000086d  ResetISR                      
00000879  GPIOPinRead                   
0000087f  GPIOPinWrite                  
00000885  SysCtlDelay                   
0000088b  _system_pre_init              
0000088f  C$$EXIT                       
0000088f  abort                         
000008a0  __TI_Handler_Table_Base       
000008a4  __TI_CINIT_Base               
000008a4  __TI_Handler_Table_Limit      
000008ac  __TI_CINIT_Limit              
20000000  __stack                       
20000000  __start___llvm_prf_cnts       
20000000  __stop___llvm_prf_cnts        
20000200  __STACK_END                   
20000200  __STACK_TOP                   
20000200  i                             
ffffffff  __TI_pprof_out_hndl           
ffffffff  __TI_prof_data_size           
ffffffff  __TI_prof_data_start          
ffffffff  __binit__                     
ffffffff  __c_args__                    
ffffffff  binit                         
UNDEFED   __mpu_init                    
UNDEFED   _system_post_cinit            

[38 symbols]
