******************************************************************************
                  TI ARM Linker PC v20.2.5                     
******************************************************************************
>> Linked Thu May 27 21:58:49 2021

OUTPUT FILE NAME:   <proyecto4.out>
ENTRY POINT SYMBOL: "_c_int00_noargs"  address: 00000935


MEMORY CONFIGURATION

         name            origin    length      used     unused   attr    fill
----------------------  --------  ---------  --------  --------  ----  --------
  FLASH                 00000000   00040000  00000a12  0003f5ee  R  X
  SRAM                  20000000   00008000  00000214  00007dec  RW X


SEGMENT ALLOCATION MAP

run origin  load origin   length   init length attrs members
----------  ----------- ---------- ----------- ----- -------
00000000    00000000    00000a14   00000a14    r-x
  00000000    00000000    0000026c   0000026c    r-- .intvecs
  0000026c    0000026c    00000792   00000792    r-x .text
  00000a00    00000a00    00000014   00000014    r-- .cinit
20000000    20000000    00000214   00000000    rw-
  20000000    20000000    00000200   00000000    rw- .stack
  20000200    20000200    00000014   00000000    rw- .bss


SECTION ALLOCATION MAP

 output                                  attributes/
section   page    origin      length       input sections
--------  ----  ----------  ----------   ----------------
.intvecs   0    00000000    0000026c     
                  00000000    0000026c     tm4c123gh6pm_startup_ccs.obj (.intvecs)

.text      0    0000026c    00000792     
                  0000026c    00000428     main.obj (.text)
                  00000694    00000132     driverlib.lib : gpio.obj (.text:GPIOPadConfigSet)
                  000007c6    00000002     --HOLE-- [fill = 0]
                  000007c8    000000f4                   : sysctl.obj (.text:SysCtlClockSet)
                  000008bc    00000044     rtsv7M4_T_le_v4SPD16_eabi.lib : autoinit.c.obj (.text:__TI_auto_init_nobinit_nopinit:__TI_auto_init_nobinit_nopinit)
                  00000900    00000034     driverlib.lib : sysctl.obj (.text:SysCtlPeripheralEnable)
                  00000934    00000034     rtsv7M4_T_le_v4SPD16_eabi.lib : boot_cortex_m.c.obj (.text:_c_int00_noargs:_c_int00_noargs)
                  00000968    0000002a     driverlib.lib : gpio.obj (.text:GPIODirModeSet)
                  00000992    0000001c     rtsv7M4_T_le_v4SPD16_eabi.lib : copy_zero_init.c.obj (.text:decompress:ZI:__TI_zero_init_nomemset:__TI_zero_init_nomemset)
                  000009ae    00000018     driverlib.lib : gpio.obj (.text:GPIOPinTypeGPIOOutput)
                  000009c6    00000012                   : gpio.obj (.text:GPIOPinTypeGPIOInput)
                  000009d8    0000000c     tm4c123gh6pm_startup_ccs.obj (.text)
                  000009e4    00000006     driverlib.lib : gpio.obj (.text:GPIOPinRead)
                  000009ea    00000006                   : gpio.obj (.text:GPIOPinWrite)
                  000009f0    00000006                   : sysctl.obj (.text:SysCtlDelay)
                  000009f6    00000004     rtsv7M4_T_le_v4SPD16_eabi.lib : pre_init.c.obj (.text:_system_pre_init)
                  000009fa    00000004                                   : exit.c.obj (.text:abort:abort)

.cinit     0    00000a00    00000014     
                  00000a00    00000008     (.cinit..bss.load) [load image, compression = zero_init]
                  00000a08    00000004     (__TI_handler_table)
                  00000a0c    00000008     (__TI_cinit_table)

.init_array 
*          0    00000000    00000000     UNINITIALIZED

.bss       0    20000200    00000014     UNINITIALIZED
                  20000200    00000004     (.common:lectura)
                  20000204    00000004     (.common:lectura1)
                  20000208    00000004     (.common:lectura2)
                  2000020c    00000004     (.common:lectura3)
                  20000210    00000004     (.common:libres)

.stack     0    20000000    00000200     UNINITIALIZED
                  20000000    00000004     rtsv7M4_T_le_v4SPD16_eabi.lib : boot_cortex_m.c.obj (.stack)
                  20000004    000001fc     --HOLE--

__llvm_prf_cnts 
*          0    20000000    00000000     UNINITIALIZED

MODULE SUMMARY

       Module                         code   ro data   rw data
       ------                         ----   -------   -------
    .\
       main.obj                       1064   0         20     
       tm4c123gh6pm_startup_ccs.obj   12     620       0      
    +--+------------------------------+------+---------+---------+
       Total:                         1076   620       20     
                                                              
    C:/ti/TivaWare_C_Series-2.1.4.178/driverlib/ccs/Debug/driverlib.lib
       gpio.obj                       402    0         0      
       sysctl.obj                     302    0         0      
    +--+------------------------------+------+---------+---------+
       Total:                         704    0         0      
                                                              
    C:\ti\ccs1031\ccs\tools\compiler\ti-cgt-arm_20.2.5.LTS\lib\rtsv7M4_T_le_v4SPD16_eabi.lib
       autoinit.c.obj                 68     0         0      
       boot_cortex_m.c.obj            52     0         0      
       copy_zero_init.c.obj           28     0         0      
       exit.c.obj                     4      0         0      
       pre_init.c.obj                 4      0         0      
    +--+------------------------------+------+---------+---------+
       Total:                         156    0         0      
                                                              
       Stack:                         0      0         512    
       Linker Generated:              0      20        0      
    +--+------------------------------+------+---------+---------+
       Grand Total:                   1936   640       532    


LINKER GENERATED COPY TABLES

__TI_cinit_table @ 00000a0c records: 1, size/record: 8, table size: 8
	.bss: load addr=00000a00, load size=00000008 bytes, run addr=20000200, run size=00000014 bytes, compression=zero_init


LINKER GENERATED HANDLER TABLE

__TI_handler_table @ 00000a08 records: 1, size/record: 4, table size: 4
	index: 0, handler: __TI_zero_init


GLOBAL SYMBOLS: SORTED ALPHABETICALLY BY Name 

address   name                          
-------   ----                          
000009fb  C$$EXIT                       
00000969  GPIODirModeSet                
00000695  GPIOPadConfigSet              
000009e5  GPIOPinRead                   
000009c7  GPIOPinTypeGPIOInput          
000009af  GPIOPinTypeGPIOOutput         
000009eb  GPIOPinWrite                  
000009d9  ResetISR                      
000007c9  SysCtlClockSet                
000009f1  SysCtlDelay                   
00000901  SysCtlPeripheralEnable        
20000200  __STACK_END                   
00000200  __STACK_SIZE                  
20000200  __STACK_TOP                   
00000a0c  __TI_CINIT_Base               
00000a14  __TI_CINIT_Limit              
00000a08  __TI_Handler_Table_Base       
00000a0c  __TI_Handler_Table_Limit      
000008bd  __TI_auto_init_nobinit_nopinit
ffffffff  __TI_pprof_out_hndl           
ffffffff  __TI_prof_data_size           
ffffffff  __TI_prof_data_start          
00000000  __TI_static_base__            
00000993  __TI_zero_init_nomemset       
ffffffff  __binit__                     
ffffffff  __c_args__                    
UNDEFED   __mpu_init                    
20000000  __stack                       
20000000  __start___llvm_prf_cnts       
20000000  __stop___llvm_prf_cnts        
00000935  _c_int00_noargs               
UNDEFED   _system_post_cinit            
000009f7  _system_pre_init              
000009fb  abort                         
ffffffff  binit                         
00000000  g_pfnVectors                  
20000200  lectura                       
20000204  lectura1                      
20000208  lectura2                      
2000020c  lectura3                      
20000210  libres                        
0000026d  main                          


GLOBAL SYMBOLS: SORTED BY Symbol Address 

address   name                          
-------   ----                          
00000000  __TI_static_base__            
00000000  g_pfnVectors                  
00000200  __STACK_SIZE                  
0000026d  main                          
00000695  GPIOPadConfigSet              
000007c9  SysCtlClockSet                
000008bd  __TI_auto_init_nobinit_nopinit
00000901  SysCtlPeripheralEnable        
00000935  _c_int00_noargs               
00000969  GPIODirModeSet                
00000993  __TI_zero_init_nomemset       
000009af  GPIOPinTypeGPIOOutput         
000009c7  GPIOPinTypeGPIOInput          
000009d9  ResetISR                      
000009e5  GPIOPinRead                   
000009eb  GPIOPinWrite                  
000009f1  SysCtlDelay                   
000009f7  _system_pre_init              
000009fb  C$$EXIT                       
000009fb  abort                         
00000a08  __TI_Handler_Table_Base       
00000a0c  __TI_CINIT_Base               
00000a0c  __TI_Handler_Table_Limit      
00000a14  __TI_CINIT_Limit              
20000000  __stack                       
20000000  __start___llvm_prf_cnts       
20000000  __stop___llvm_prf_cnts        
20000200  __STACK_END                   
20000200  __STACK_TOP                   
20000200  lectura                       
20000204  lectura1                      
20000208  lectura2                      
2000020c  lectura3                      
20000210  libres                        
ffffffff  __TI_pprof_out_hndl           
ffffffff  __TI_prof_data_size           
ffffffff  __TI_prof_data_start          
ffffffff  __binit__                     
ffffffff  __c_args__                    
ffffffff  binit                         
UNDEFED   __mpu_init                    
UNDEFED   _system_post_cinit            

[42 symbols]
