******************************************************************************
                  TI ARM Linker PC v20.2.5                     
******************************************************************************
>> Linked Sun May 23 13:18:08 2021

OUTPUT FILE NAME:   <proyecto4.out>
ENTRY POINT SYMBOL: "_c_int00_noinit_noargs"  address: 000006e1


MEMORY CONFIGURATION

         name            origin    length      used     unused   attr    fill
----------------------  --------  ---------  --------  --------  ----  --------
  FLASH                 00000000   00040000  00000836  0003f7ca  R  X
  SRAM                  20000000   00008000  00000200  00007e00  RW X


SEGMENT ALLOCATION MAP

run origin  load origin   length   init length attrs members
----------  ----------- ---------- ----------- ----- -------
00000000    00000000    00000838   00000838    r-x
  00000000    00000000    0000026c   0000026c    r-- .intvecs
  0000026c    0000026c    0000055e   0000055e    r-x .text
  000007cc    000007cc    0000006c   0000006c    r-- .const
20000000    20000000    00000200   00000000    rw-
  20000000    20000000    00000200   00000000    rw- .stack


SECTION ALLOCATION MAP

 output                                  attributes/
section   page    origin      length       input sections
--------  ----  ----------  ----------   ----------------
.intvecs   0    00000000    0000026c     
                  00000000    0000026c     tm4c123gh6pm_startup_ccs.obj (.intvecs)

.text      0    0000026c    0000055e     
                  0000026c    00000132     driverlib.lib : gpio.obj (.text:GPIOPadConfigSet)
                  0000039e    00000002     --HOLE-- [fill = 0]
                  000003a0    00000110                   : sysctl.obj (.text:SysCtlClockGet)
                  000004b0    000000f4                   : sysctl.obj (.text:SysCtlClockSet)
                  000005a4    000000c0     main.obj (.text)
                  00000664    00000046     driverlib.lib : uart.obj (.text:UARTConfigSetExpClk)
                  000006aa    00000002     --HOLE-- [fill = 0]
                  000006ac    00000034                   : sysctl.obj (.text:SysCtlPeripheralEnable)
                  000006e0    0000002c     rtsv7M4_T_le_v4SPD16_eabi.lib : boot_cortex_m.c.obj (.text:_c_int00_noinit_noargs:_c_int00_noinit_noargs)
                  0000070c    0000002a     driverlib.lib : gpio.obj (.text:GPIODirModeSet)
                  00000736    00000002     --HOLE-- [fill = 0]
                  00000738    00000020                   : uart.obj (.text:UARTDisable)
                  00000758    00000018                   : gpio.obj (.text:GPIOPinTypeGPIOOutput)
                  00000770    00000014                   : uart.obj (.text:UARTEnable)
                  00000784    00000012                   : gpio.obj (.text:GPIOPinTypeGPIOInput)
                  00000796    00000012                   : gpio.obj (.text:GPIOPinTypeUART)
                  000007a8    0000000c     tm4c123gh6pm_startup_ccs.obj (.text)
                  000007b4    00000008     driverlib.lib : uart.obj (.text:UARTIntEnable)
                  000007bc    00000006                   : sysctl.obj (.text:SysCtlDelay)
                  000007c2    00000004     rtsv7M4_T_le_v4SPD16_eabi.lib : pre_init.c.obj (.text:_system_pre_init)
                  000007c6    00000004                                   : exit.c.obj (.text:abort:abort)

.const     0    000007cc    0000006c     
                  000007cc    0000006c     driverlib.lib : sysctl.obj (.const:g_pui32Xtals)

.cinit     0    00000000    00000000     UNINITIALIZED

.init_array 
*          0    00000000    00000000     UNINITIALIZED

.stack     0    20000000    00000200     UNINITIALIZED
                  20000000    00000004     rtsv7M4_T_le_v4SPD16_eabi.lib : boot_cortex_m.c.obj (.stack)
                  20000004    000001fc     --HOLE--

__llvm_prf_cnts 
*          0    20000000    00000000     UNINITIALIZED

MODULE SUMMARY

       Module                         code   ro data   rw data
       ------                         ----   -------   -------
    .\
       tm4c123gh6pm_startup_ccs.obj   12     620       0      
       main.obj                       192    0         0      
    +--+------------------------------+------+---------+---------+
       Total:                         204    620       0      
                                                              
    C:/ti/TivaWare_C_Series-2.1.4.178/driverlib/ccs/Debug/driverlib.lib
       sysctl.obj                     574    108       0      
       gpio.obj                       408    0         0      
       uart.obj                       130    0         0      
    +--+------------------------------+------+---------+---------+
       Total:                         1112   108       0      
                                                              
    C:\ti\ccs1031\ccs\tools\compiler\ti-cgt-arm_20.2.5.LTS\lib\rtsv7M4_T_le_v4SPD16_eabi.lib
       boot_cortex_m.c.obj            44     0         0      
       exit.c.obj                     4      0         0      
       pre_init.c.obj                 4      0         0      
    +--+------------------------------+------+---------+---------+
       Total:                         52     0         0      
                                                              
       Stack:                         0      0         512    
    +--+------------------------------+------+---------+---------+
       Grand Total:                   1368   728       512    


GLOBAL SYMBOLS: SORTED ALPHABETICALLY BY Name 

address   name                   
-------   ----                   
000007c7  C$$EXIT                
0000070d  GPIODirModeSet         
0000026d  GPIOPadConfigSet       
00000785  GPIOPinTypeGPIOInput   
00000759  GPIOPinTypeGPIOOutput  
00000797  GPIOPinTypeUART        
00000611  InitUART               
000007a9  ResetISR               
000003a1  SysCtlClockGet         
000004b1  SysCtlClockSet         
000007bd  SysCtlDelay            
000006ad  SysCtlPeripheralEnable 
UNDEFED   Timer0IntHandler       
00000665  UARTConfigSetExpClk    
00000739  UARTDisable            
00000771  UARTEnable             
000007b5  UARTIntEnable          
20000200  __STACK_END            
00000200  __STACK_SIZE           
20000200  __STACK_TOP            
ffffffff  __TI_pprof_out_hndl    
ffffffff  __TI_prof_data_size    
ffffffff  __TI_prof_data_start   
00000000  __TI_static_base__     
ffffffff  __binit__              
ffffffff  __c_args__             
UNDEFED   __mpu_init             
20000000  __stack                
20000000  __start___llvm_prf_cnts
20000000  __stop___llvm_prf_cnts 
000006e1  _c_int00_noinit_noargs 
000007c3  _system_pre_init       
000007c7  abort                  
ffffffff  binit                  
00000000  g_pfnVectors           
000005a5  main                   


GLOBAL SYMBOLS: SORTED BY Symbol Address 

address   name                   
-------   ----                   
00000000  __TI_static_base__     
00000000  g_pfnVectors           
00000200  __STACK_SIZE           
0000026d  GPIOPadConfigSet       
000003a1  SysCtlClockGet         
000004b1  SysCtlClockSet         
000005a5  main                   
00000611  InitUART               
00000665  UARTConfigSetExpClk    
000006ad  SysCtlPeripheralEnable 
000006e1  _c_int00_noinit_noargs 
0000070d  GPIODirModeSet         
00000739  UARTDisable            
00000759  GPIOPinTypeGPIOOutput  
00000771  UARTEnable             
00000785  GPIOPinTypeGPIOInput   
00000797  GPIOPinTypeUART        
000007a9  ResetISR               
000007b5  UARTIntEnable          
000007bd  SysCtlDelay            
000007c3  _system_pre_init       
000007c7  C$$EXIT                
000007c7  abort                  
20000000  __stack                
20000000  __start___llvm_prf_cnts
20000000  __stop___llvm_prf_cnts 
20000200  __STACK_END            
20000200  __STACK_TOP            
ffffffff  __TI_pprof_out_hndl    
ffffffff  __TI_prof_data_size    
ffffffff  __TI_prof_data_start   
ffffffff  __binit__              
ffffffff  __c_args__             
ffffffff  binit                  
UNDEFED   Timer0IntHandler       
UNDEFED   __mpu_init             

[36 symbols]
