******************************************************************************
                  TI ARM Linker PC v20.2.5                     
******************************************************************************
>> Linked Fri May 21 00:33:53 2021

OUTPUT FILE NAME:   <proyecto4.out>
ENTRY POINT SYMBOL: "_c_int00_noargs"  address: 00000a25


MEMORY CONFIGURATION

         name            origin    length      used     unused   attr    fill
----------------------  --------  ---------  --------  --------  ----  --------
  FLASH                 00000000   00040000  00000d5a  0003f2a6  R  X
  SRAM                  20000000   00008000  00000475  00007b8b  RW X


SEGMENT ALLOCATION MAP

run origin  load origin   length   init length attrs members
----------  ----------- ---------- ----------- ----- -------
00000000    00000000    00000d60   00000d60    r-x
  00000000    00000000    0000026c   0000026c    r-- .intvecs
  0000026c    0000026c    00000932   00000932    r-x .text
  00000ba0    00000ba0    0000017c   0000017c    r-- .const
  00000d20    00000d20    00000040   00000040    r-- .cinit
20000000    20000000    00000478   00000000    rw-
  20000000    20000000    0000026c   00000000    rw- .vtable
  2000026c    2000026c    00000001   00000000    rw- .data
  20000270    20000270    00000200   00000000    rw- .stack
  20000470    20000470    00000008   00000000    rw- .bss


SECTION ALLOCATION MAP

 output                                  attributes/
section   page    origin      length       input sections
--------  ----  ----------  ----------   ----------------
.intvecs   0    00000000    0000026c     
                  00000000    0000026c     tm4c123gh6pm_startup_ccs.obj (.intvecs)

.text      0    0000026c    00000932     
                  0000026c    00000174     main.obj (.text)
                  000003e0    00000132     driverlib.lib : gpio.obj (.text:GPIOPadConfigSet)
                  00000512    00000002     --HOLE-- [fill = 0]
                  00000514    00000110                   : sysctl.obj (.text:SysCtlClockGet)
                  00000624    000000f4                   : sysctl.obj (.text:SysCtlClockSet)
                  00000718    0000009c     rtsv7M4_T_le_v4SPD16_eabi.lib : memcpy_t2.asm.obj (.text)
                  000007b4    00000068     driverlib.lib : interrupt.obj (.text:IntEnable)
                  0000081c    00000068     rtsv7M4_T_le_v4SPD16_eabi.lib : copy_decompress_lzss.c.obj (.text:decompress:lzss:__TI_decompress_lzss)
                  00000884    00000060     driverlib.lib : timer.obj (.text:TimerConfigure)
                  000008e4    0000004c                   : timer.obj (.text:_TimerIntNumberGet)
                  00000930    00000046                   : uart.obj (.text:UARTConfigSetExpClk)
                  00000976    00000002     --HOLE-- [fill = 0]
                  00000978    00000044     rtsv7M4_T_le_v4SPD16_eabi.lib : autoinit.c.obj (.text:__TI_auto_init_nobinit_nopinit:__TI_auto_init_nobinit_nopinit)
                  000009bc    00000034     driverlib.lib : interrupt.obj (.text:IntRegister)
                  000009f0    00000034                   : sysctl.obj (.text:SysCtlPeripheralEnable)
                  00000a24    00000034     rtsv7M4_T_le_v4SPD16_eabi.lib : boot_cortex_m.c.obj (.text:_c_int00_noargs:_c_int00_noargs)
                  00000a58    0000002a     driverlib.lib : gpio.obj (.text:GPIODirModeSet)
                  00000a82    00000002     --HOLE-- [fill = 0]
                  00000a84    00000020                   : uart.obj (.text:UARTDisable)
                  00000aa4    0000001c     rtsv7M4_T_le_v4SPD16_eabi.lib : copy_zero_init.c.obj (.text:decompress:ZI:__TI_zero_init_nomemset:__TI_zero_init_nomemset)
                  00000ac0    00000018     driverlib.lib : gpio.obj (.text:GPIOPinTypeGPIOOutput)
                  00000ad8    00000018                   : timer.obj (.text:TimerIntRegister)
                  00000af0    00000014                   : uart.obj (.text:UARTEnable)
                  00000b04    00000012                   : gpio.obj (.text:GPIOPinTypeUART)
                  00000b16    00000012                   : timer.obj (.text:TimerLoadSet)
                  00000b28    00000010                   : interrupt.obj (.text:IntMasterEnable)
                  00000b38    0000000e                   : timer.obj (.text:TimerEnable)
                  00000b46    0000000e     rtsv7M4_T_le_v4SPD16_eabi.lib : copy_decompress_none.c.obj (.text:decompress:none:__TI_decompress_none)
                  00000b54    0000000c     driverlib.lib : cpu.obj (.text:CPUcpsie)
                  00000b60    0000000c     tm4c123gh6pm_startup_ccs.obj (.text)
                  00000b6c    0000000a     driverlib.lib : uart.obj (.text:UARTCharGet)
                  00000b76    00000008                   : timer.obj (.text:TimerIntEnable)
                  00000b7e    00000008                   : uart.obj (.text:UARTIntEnable)
                  00000b86    00000006                   : gpio.obj (.text:GPIOPinWrite)
                  00000b8c    00000006                   : sysctl.obj (.text:SysCtlDelay)
                  00000b92    00000004                   : timer.obj (.text:TimerIntClear)
                  00000b96    00000004     rtsv7M4_T_le_v4SPD16_eabi.lib : pre_init.c.obj (.text:_system_pre_init)
                  00000b9a    00000004                                   : exit.c.obj (.text:abort:abort)

.const     0    00000ba0    0000017c     
                  00000ba0    00000070     driverlib.lib : interrupt.obj (.const)
                  00000c10    0000006c                   : sysctl.obj (.const:g_pui32Xtals)
                  00000c7c    00000060                   : timer.obj (.const:g_ppui32TimerIntMap)
                  00000cdc    00000040                   : timer.obj (.const:g_ppui32TimerIntMapSnowflake)

.cinit     0    00000d20    00000040     
                  00000d20    0000000c     (__TI_handler_table)
                  00000d2c    00000004     --HOLE-- [fill = 0]
                  00000d30    00000008     (.cinit..bss.load) [load image, compression = zero_init]
                  00000d38    00000008     (.cinit..vtable.load) [load image, compression = zero_init]
                  00000d40    00000005     (.cinit..data.load) [load image, compression = lzss]
                  00000d45    00000003     --HOLE-- [fill = 0]
                  00000d48    00000018     (__TI_cinit_table)

.init_array 
*          0    00000000    00000000     UNINITIALIZED

.vtable    0    20000000    0000026c     UNINITIALIZED
                  20000000    0000026c     driverlib.lib : interrupt.obj (.vtable)

.data      0    2000026c    00000001     UNINITIALIZED
                  2000026c    00000001     main.obj (.data)

.bss       0    20000470    00000008     UNINITIALIZED
                  20000470    00000004     (.common:color)
                  20000474    00000004     (.common:ui32Period)

.stack     0    20000270    00000200     UNINITIALIZED
                  20000270    00000004     rtsv7M4_T_le_v4SPD16_eabi.lib : boot_cortex_m.c.obj (.stack)
                  20000274    000001fc     --HOLE--

__llvm_prf_cnts 
*          0    20000000    00000000     UNINITIALIZED

MODULE SUMMARY

       Module                         code   ro data   rw data
       ------                         ----   -------   -------
    .\
       tm4c123gh6pm_startup_ccs.obj   12     620       0      
       main.obj                       372    0         9      
    +--+------------------------------+------+---------+---------+
       Total:                         384    620       9      
                                                              
    C:/ti/TivaWare_C_Series-2.1.4.178/driverlib/ccs/Debug/driverlib.lib
       interrupt.obj                  172    112       620    
       sysctl.obj                     574    108       0      
       timer.obj                      240    160       0      
       gpio.obj                       396    0         0      
       uart.obj                       140    0         0      
       cpu.obj                        12     0         0      
    +--+------------------------------+------+---------+---------+
       Total:                         1534   380       620    
                                                              
    C:\ti\ccs1031\ccs\tools\compiler\ti-cgt-arm_20.2.5.LTS\lib\rtsv7M4_T_le_v4SPD16_eabi.lib
       memcpy_t2.asm.obj              156    0         0      
       copy_decompress_lzss.c.obj     104    0         0      
       autoinit.c.obj                 68     0         0      
       boot_cortex_m.c.obj            52     0         0      
       copy_zero_init.c.obj           28     0         0      
       copy_decompress_none.c.obj     14     0         0      
       exit.c.obj                     4      0         0      
       pre_init.c.obj                 4      0         0      
    +--+------------------------------+------+---------+---------+
       Total:                         430    0         0      
                                                              
       Stack:                         0      0         512    
       Linker Generated:              0      57        0      
    +--+------------------------------+------+---------+---------+
       Grand Total:                   2348   1057      1141   


LINKER GENERATED COPY TABLES

__TI_cinit_table @ 00000d48 records: 3, size/record: 8, table size: 24
	.bss: load addr=00000d30, load size=00000008 bytes, run addr=20000470, run size=00000008 bytes, compression=zero_init
	.vtable: load addr=00000d38, load size=00000008 bytes, run addr=20000000, run size=0000026c bytes, compression=zero_init
	.data: load addr=00000d40, load size=00000005 bytes, run addr=2000026c, run size=00000001 bytes, compression=lzss


LINKER GENERATED HANDLER TABLE

__TI_handler_table @ 00000d20 records: 3, size/record: 4, table size: 12
	index: 0, handler: __TI_zero_init
	index: 1, handler: __TI_decompress_lzss
	index: 2, handler: __TI_decompress_none


GLOBAL SYMBOLS: SORTED ALPHABETICALLY BY Name 

address   name                          
-------   ----                          
00000b9b  C$$EXIT                       
00000b55  CPUcpsie                      
00000a59  GPIODirModeSet                
000003e1  GPIOPadConfigSet              
00000ac1  GPIOPinTypeGPIOOutput         
00000b05  GPIOPinTypeUART               
00000b87  GPIOPinWrite                  
0000037b  InitUART                      
000007b5  IntEnable                     
00000b29  IntMasterEnable               
000009bd  IntRegister                   
00000b61  ResetISR                      
00000515  SysCtlClockGet                
00000625  SysCtlClockSet                
00000b8d  SysCtlDelay                   
000009f1  SysCtlPeripheralEnable        
000002dd  Timer0IntHandler              
00000885  TimerConfigure                
00000b39  TimerEnable                   
00000b93  TimerIntClear                 
00000b77  TimerIntEnable                
00000ad9  TimerIntRegister              
00000b17  TimerLoadSet                  
00000b6d  UARTCharGet                   
00000931  UARTConfigSetExpClk           
00000a85  UARTDisable                   
00000af1  UARTEnable                    
00000b7f  UARTIntEnable                 
20000470  __STACK_END                   
00000200  __STACK_SIZE                  
20000470  __STACK_TOP                   
00000d48  __TI_CINIT_Base               
00000d60  __TI_CINIT_Limit              
00000d20  __TI_Handler_Table_Base       
00000d2c  __TI_Handler_Table_Limit      
00000979  __TI_auto_init_nobinit_nopinit
0000081d  __TI_decompress_lzss          
00000b47  __TI_decompress_none          
ffffffff  __TI_pprof_out_hndl           
ffffffff  __TI_prof_data_size           
ffffffff  __TI_prof_data_start          
00000000  __TI_static_base__            
00000aa5  __TI_zero_init_nomemset       
00000719  __aeabi_memcpy                
00000719  __aeabi_memcpy4               
00000719  __aeabi_memcpy8               
ffffffff  __binit__                     
ffffffff  __c_args__                    
UNDEFED   __mpu_init                    
20000270  __stack                       
20000000  __start___llvm_prf_cnts       
20000000  __stop___llvm_prf_cnts        
00000a25  _c_int00_noargs               
UNDEFED   _system_post_cinit            
00000b97  _system_pre_init              
00000b9b  abort                         
2000026c  bandera                       
ffffffff  binit                         
20000470  color                         
20000000  g_pfnRAMVectors               
00000000  g_pfnVectors                  
0000026d  main                          
00000719  memcpy                        
20000474  ui32Period                    


GLOBAL SYMBOLS: SORTED BY Symbol Address 

address   name                          
-------   ----                          
00000000  __TI_static_base__            
00000000  g_pfnVectors                  
00000200  __STACK_SIZE                  
0000026d  main                          
000002dd  Timer0IntHandler              
0000037b  InitUART                      
000003e1  GPIOPadConfigSet              
00000515  SysCtlClockGet                
00000625  SysCtlClockSet                
00000719  __aeabi_memcpy                
00000719  __aeabi_memcpy4               
00000719  __aeabi_memcpy8               
00000719  memcpy                        
000007b5  IntEnable                     
0000081d  __TI_decompress_lzss          
00000885  TimerConfigure                
00000931  UARTConfigSetExpClk           
00000979  __TI_auto_init_nobinit_nopinit
000009bd  IntRegister                   
000009f1  SysCtlPeripheralEnable        
00000a25  _c_int00_noargs               
00000a59  GPIODirModeSet                
00000a85  UARTDisable                   
00000aa5  __TI_zero_init_nomemset       
00000ac1  GPIOPinTypeGPIOOutput         
00000ad9  TimerIntRegister              
00000af1  UARTEnable                    
00000b05  GPIOPinTypeUART               
00000b17  TimerLoadSet                  
00000b29  IntMasterEnable               
00000b39  TimerEnable                   
00000b47  __TI_decompress_none          
00000b55  CPUcpsie                      
00000b61  ResetISR                      
00000b6d  UARTCharGet                   
00000b77  TimerIntEnable                
00000b7f  UARTIntEnable                 
00000b87  GPIOPinWrite                  
00000b8d  SysCtlDelay                   
00000b93  TimerIntClear                 
00000b97  _system_pre_init              
00000b9b  C$$EXIT                       
00000b9b  abort                         
00000d20  __TI_Handler_Table_Base       
00000d2c  __TI_Handler_Table_Limit      
00000d48  __TI_CINIT_Base               
00000d60  __TI_CINIT_Limit              
20000000  __start___llvm_prf_cnts       
20000000  __stop___llvm_prf_cnts        
20000000  g_pfnRAMVectors               
2000026c  bandera                       
20000270  __stack                       
20000470  __STACK_END                   
20000470  __STACK_TOP                   
20000470  color                         
20000474  ui32Period                    
ffffffff  __TI_pprof_out_hndl           
ffffffff  __TI_prof_data_size           
ffffffff  __TI_prof_data_start          
ffffffff  __binit__                     
ffffffff  __c_args__                    
ffffffff  binit                         
UNDEFED   __mpu_init                    
UNDEFED   _system_post_cinit            

[64 symbols]
