******************************************************************************
                  TI ARM Linker PC v20.2.5                     
******************************************************************************
>> Linked Fri May 28 12:45:44 2021

OUTPUT FILE NAME:   <proyecto4.out>
ENTRY POINT SYMBOL: "_c_int00_noargs"  address: 00000ba5


MEMORY CONFIGURATION

         name            origin    length      used     unused   attr    fill
----------------------  --------  ---------  --------  --------  ----  --------
  FLASH                 00000000   00040000  00000dcc  0003f234  R  X
  SRAM                  20000000   00008000  0000021c  00007de4  RW X


SEGMENT ALLOCATION MAP

run origin  load origin   length   init length attrs members
----------  ----------- ---------- ----------- ----- -------
00000000    00000000    00000dd0   00000dd0    r-x
  00000000    00000000    0000026c   0000026c    r-- .intvecs
  0000026c    0000026c    00000aa0   00000aa0    r-x .text
  00000d0c    00000d0c    00000090   00000090    r-- .const
  00000da0    00000da0    00000030   00000030    r-- .cinit
20000000    20000000    0000021c   00000000    rw-
  20000000    20000000    00000200   00000000    rw- .stack
  20000200    20000200    00000014   00000000    rw- .bss
  20000214    20000214    00000008   00000000    rw- .data


SECTION ALLOCATION MAP

 output                                  attributes/
section   page    origin      length       input sections
--------  ----  ----------  ----------   ----------------
.intvecs   0    00000000    0000026c     
                  00000000    0000026c     tm4c123gh6pm_startup_ccs.obj (.intvecs)

.text      0    0000026c    00000aa0     
                  0000026c    00000504     main.obj (.text)
                  00000770    00000132     driverlib.lib : gpio.obj (.text:GPIOPadConfigSet)
                  000008a2    00000002     --HOLE-- [fill = 0]
                  000008a4    000000f4                   : sysctl.obj (.text:SysCtlClockSet)
                  00000998    0000009c     rtsv7M4_T_le_v4SPD16_eabi.lib : memcpy_t2.asm.obj (.text)
                  00000a34    00000068                                   : copy_decompress_lzss.c.obj (.text:decompress:lzss:__TI_decompress_lzss)
                  00000a9c    00000048     driverlib.lib : gpio.obj (.text:GPIOPinConfigure)
                  00000ae4    00000046                   : uart.obj (.text:UARTConfigSetExpClk)
                  00000b2a    00000002     --HOLE-- [fill = 0]
                  00000b2c    00000044     rtsv7M4_T_le_v4SPD16_eabi.lib : autoinit.c.obj (.text:__TI_auto_init_nobinit_nopinit:__TI_auto_init_nobinit_nopinit)
                  00000b70    00000034     driverlib.lib : sysctl.obj (.text:SysCtlPeripheralEnable)
                  00000ba4    00000034     rtsv7M4_T_le_v4SPD16_eabi.lib : boot_cortex_m.c.obj (.text:_c_int00_noargs:_c_int00_noargs)
                  00000bd8    0000002a     driverlib.lib : gpio.obj (.text:GPIODirModeSet)
                  00000c02    00000002     --HOLE-- [fill = 0]
                  00000c04    00000020                   : uart.obj (.text:UARTDisable)
                  00000c24    0000001c     rtsv7M4_T_le_v4SPD16_eabi.lib : copy_zero_init.c.obj (.text:decompress:ZI:__TI_zero_init_nomemset:__TI_zero_init_nomemset)
                  00000c40    00000018     driverlib.lib : gpio.obj (.text:GPIOPinTypeGPIOOutput)
                  00000c58    00000014                   : systick.obj (.text:SysTickDisable)
                  00000c6c    00000014                   : systick.obj (.text:SysTickEnable)
                  00000c80    00000014                   : uart.obj (.text:UARTEnable)
                  00000c94    00000012                   : gpio.obj (.text:GPIOPinTypeGPIOInput)
                  00000ca6    00000012                   : gpio.obj (.text:GPIOPinTypeUART)
                  00000cb8    00000010                   : systick.obj (.text:SysTickPeriodSet)
                  00000cc8    0000000e     rtsv7M4_T_le_v4SPD16_eabi.lib : copy_decompress_none.c.obj (.text:decompress:none:__TI_decompress_none)
                  00000cd6    0000000c     tm4c123gh6pm_startup_ccs.obj (.text)
                  00000ce2    0000000a     driverlib.lib : uart.obj (.text:UARTCharPut)
                  00000cec    00000006                   : gpio.obj (.text:GPIOPinRead)
                  00000cf2    00000006                   : gpio.obj (.text:GPIOPinWrite)
                  00000cf8    00000006                   : sysctl.obj (.text:SysCtlDelay)
                  00000cfe    00000006                   : uart.obj (.text:UARTClockSourceSet)
                  00000d04    00000004     rtsv7M4_T_le_v4SPD16_eabi.lib : pre_init.c.obj (.text:_system_pre_init)
                  00000d08    00000004                                   : exit.c.obj (.text:abort:abort)

.const     0    00000d0c    00000090     
                  00000d0c    00000090     driverlib.lib : gpio.obj (.const:g_pui32GPIOBaseAddrs)

.cinit     0    00000da0    00000030     
                  00000da0    0000000c     (__TI_handler_table)
                  00000dac    00000004     --HOLE-- [fill = 0]
                  00000db0    00000008     (.cinit..bss.load) [load image, compression = zero_init]
                  00000db8    00000007     (.cinit..data.load) [load image, compression = lzss]
                  00000dbf    00000001     --HOLE-- [fill = 0]
                  00000dc0    00000010     (__TI_cinit_table)

.init_array 
*          0    00000000    00000000     UNINITIALIZED

.bss       0    20000200    00000014     UNINITIALIZED
                  20000200    00000004     (.common:lectura)
                  20000204    00000004     (.common:lectura1)
                  20000208    00000004     (.common:lectura2)
                  2000020c    00000004     (.common:lectura3)
                  20000210    00000004     (.common:libres)

.data      0    20000214    00000008     UNINITIALIZED
                  20000214    00000008     main.obj (.data)

.stack     0    20000000    00000200     UNINITIALIZED
                  20000000    00000004     rtsv7M4_T_le_v4SPD16_eabi.lib : boot_cortex_m.c.obj (.stack)
                  20000004    000001fc     --HOLE--

__llvm_prf_cnts 
*          0    20000000    00000000     UNINITIALIZED

MODULE SUMMARY

       Module                         code   ro data   rw data
       ------                         ----   -------   -------
    .\
       main.obj                       1284   0         28     
       tm4c123gh6pm_startup_ccs.obj   12     620       0      
    +--+------------------------------+------+---------+---------+
       Total:                         1296   620       28     
                                                              
    C:/ti/TivaWare_C_Series-2.1.4.178/driverlib/ccs/Debug/driverlib.lib
       gpio.obj                       492    144       0      
       sysctl.obj                     302    0         0      
       uart.obj                       138    0         0      
       systick.obj                    56     0         0      
    +--+------------------------------+------+---------+---------+
       Total:                         988    144       0      
                                                              
    C:\ti\ccs1031\ccs\tools\compiler\ti-cgt-arm_20.2.5.LTS\lib\rtsv7M4_T_le_v4SPD16_eabi.lib
       memcpy_t2.asm.obj              156    0         0      
       copy_decompress_lzss.c.obj     104    0         0      
       autoinit.c.obj                 68     0         0      
       boot_cortex_m.c.obj            52     0         0      
       copy_zero_init.c.obj           28     0         0      
       copy_decompress_none.c.obj     14     0         0      
       exit.c.obj                     4      0         0      
       pre_init.c.obj                 4      0         0      
    +--+------------------------------+------+---------+---------+
       Total:                         430    0         0      
                                                              
       Stack:                         0      0         512    
       Linker Generated:              0      43        0      
    +--+------------------------------+------+---------+---------+
       Grand Total:                   2714   807       540    


LINKER GENERATED COPY TABLES

__TI_cinit_table @ 00000dc0 records: 2, size/record: 8, table size: 16
	.bss: load addr=00000db0, load size=00000008 bytes, run addr=20000200, run size=00000014 bytes, compression=zero_init
	.data: load addr=00000db8, load size=00000007 bytes, run addr=20000214, run size=00000008 bytes, compression=lzss


LINKER GENERATED HANDLER TABLE

__TI_handler_table @ 00000da0 records: 3, size/record: 4, table size: 12
	index: 0, handler: __TI_decompress_lzss
	index: 1, handler: __TI_decompress_none
	index: 2, handler: __TI_zero_init


GLOBAL SYMBOLS: SORTED ALPHABETICALLY BY Name 

address   name                          
-------   ----                          
00000d09  C$$EXIT                       
00000bd9  GPIODirModeSet                
00000771  GPIOPadConfigSet              
00000a9d  GPIOPinConfigure              
00000ced  GPIOPinRead                   
00000c95  GPIOPinTypeGPIOInput          
00000c41  GPIOPinTypeGPIOOutput         
00000ca7  GPIOPinTypeUART               
00000cf3  GPIOPinWrite                  
00000cd7  ResetISR                      
000008a5  SysCtlClockSet                
00000cf9  SysCtlDelay                   
00000b71  SysCtlPeripheralEnable        
00000c59  SysTickDisable                
00000c6d  SysTickEnable                 
00000cb9  SysTickPeriodSet              
00000ce3  UARTCharPut                   
00000cff  UARTClockSourceSet            
00000ae5  UARTConfigSetExpClk           
00000c05  UARTDisable                   
00000c81  UARTEnable                    
20000200  __STACK_END                   
00000200  __STACK_SIZE                  
20000200  __STACK_TOP                   
00000dc0  __TI_CINIT_Base               
00000dd0  __TI_CINIT_Limit              
00000da0  __TI_Handler_Table_Base       
00000dac  __TI_Handler_Table_Limit      
00000b2d  __TI_auto_init_nobinit_nopinit
00000a35  __TI_decompress_lzss          
00000cc9  __TI_decompress_none          
ffffffff  __TI_pprof_out_hndl           
ffffffff  __TI_prof_data_size           
ffffffff  __TI_prof_data_start          
00000000  __TI_static_base__            
00000c25  __TI_zero_init_nomemset       
00000999  __aeabi_memcpy                
00000999  __aeabi_memcpy4               
00000999  __aeabi_memcpy8               
ffffffff  __binit__                     
ffffffff  __c_args__                    
UNDEFED   __mpu_init                    
20000000  __stack                       
20000000  __start___llvm_prf_cnts       
20000000  __stop___llvm_prf_cnts        
00000ba5  _c_int00_noargs               
UNDEFED   _system_post_cinit            
00000d05  _system_pre_init              
00000d09  abort                         
ffffffff  binit                         
00000707  delay                         
00000733  delay1ms                      
00000000  g_pfnVectors                  
20000214  i                             
20000218  j                             
20000200  lectura                       
20000204  lectura1                      
20000208  lectura2                      
2000020c  lectura3                      
20000210  libres                        
0000026d  main                          
00000999  memcpy                        


GLOBAL SYMBOLS: SORTED BY Symbol Address 

address   name                          
-------   ----                          
00000000  __TI_static_base__            
00000000  g_pfnVectors                  
00000200  __STACK_SIZE                  
0000026d  main                          
00000707  delay                         
00000733  delay1ms                      
00000771  GPIOPadConfigSet              
000008a5  SysCtlClockSet                
00000999  __aeabi_memcpy                
00000999  __aeabi_memcpy4               
00000999  __aeabi_memcpy8               
00000999  memcpy                        
00000a35  __TI_decompress_lzss          
00000a9d  GPIOPinConfigure              
00000ae5  UARTConfigSetExpClk           
00000b2d  __TI_auto_init_nobinit_nopinit
00000b71  SysCtlPeripheralEnable        
00000ba5  _c_int00_noargs               
00000bd9  GPIODirModeSet                
00000c05  UARTDisable                   
00000c25  __TI_zero_init_nomemset       
00000c41  GPIOPinTypeGPIOOutput         
00000c59  SysTickDisable                
00000c6d  SysTickEnable                 
00000c81  UARTEnable                    
00000c95  GPIOPinTypeGPIOInput          
00000ca7  GPIOPinTypeUART               
00000cb9  SysTickPeriodSet              
00000cc9  __TI_decompress_none          
00000cd7  ResetISR                      
00000ce3  UARTCharPut                   
00000ced  GPIOPinRead                   
00000cf3  GPIOPinWrite                  
00000cf9  SysCtlDelay                   
00000cff  UARTClockSourceSet            
00000d05  _system_pre_init              
00000d09  C$$EXIT                       
00000d09  abort                         
00000da0  __TI_Handler_Table_Base       
00000dac  __TI_Handler_Table_Limit      
00000dc0  __TI_CINIT_Base               
00000dd0  __TI_CINIT_Limit              
20000000  __stack                       
20000000  __start___llvm_prf_cnts       
20000000  __stop___llvm_prf_cnts        
20000200  __STACK_END                   
20000200  __STACK_TOP                   
20000200  lectura                       
20000204  lectura1                      
20000208  lectura2                      
2000020c  lectura3                      
20000210  libres                        
20000214  i                             
20000218  j                             
ffffffff  __TI_pprof_out_hndl           
ffffffff  __TI_prof_data_size           
ffffffff  __TI_prof_data_start          
ffffffff  __binit__                     
ffffffff  __c_args__                    
ffffffff  binit                         
UNDEFED   __mpu_init                    
UNDEFED   _system_post_cinit            

[62 symbols]
