******************************************************************************
                  TI ARM Linker PC v20.2.5                     
******************************************************************************
>> Linked Mon May 24 19:15:50 2021

OUTPUT FILE NAME:   <proyecto4.out>
ENTRY POINT SYMBOL: "_c_int00_noargs"  address: 00000925


MEMORY CONFIGURATION

         name            origin    length      used     unused   attr    fill
----------------------  --------  ---------  --------  --------  ----  --------
  FLASH                 00000000   00040000  00000b44  0003f4bc  R  X
  SRAM                  20000000   00008000  00000204  00007dfc  RW X


SEGMENT ALLOCATION MAP

run origin  load origin   length   init length attrs members
----------  ----------- ---------- ----------- ----- -------
00000000    00000000    00000b48   00000b48    r-x
  00000000    00000000    0000026c   0000026c    r-- .intvecs
  0000026c    0000026c    000007c4   000007c4    r-x .text
  00000a30    00000a30    000000fc   000000fc    r-- .const
  00000b30    00000b30    00000018   00000018    r-- .cinit
20000000    20000000    00000204   00000000    rw-
  20000000    20000000    00000200   00000000    rw- .stack
  20000200    20000200    00000004   00000000    rw- .data


SECTION ALLOCATION MAP

 output                                  attributes/
section   page    origin      length       input sections
--------  ----  ----------  ----------   ----------------
.intvecs   0    00000000    0000026c     
                  00000000    0000026c     tm4c123gh6pm_startup_ccs.obj (.intvecs)

.text      0    0000026c    000007c4     
                  0000026c    00000174     main.obj (.text)
                  000003e0    00000132     driverlib.lib : gpio.obj (.text:GPIOPadConfigSet)
                  00000512    00000002     --HOLE-- [fill = 0]
                  00000514    00000110                   : sysctl.obj (.text:SysCtlClockGet)
                  00000624    000000f4                   : sysctl.obj (.text:SysCtlClockSet)
                  00000718    0000009c     rtsv7M4_T_le_v4SPD16_eabi.lib : memcpy_t2.asm.obj (.text)
                  000007b4    00000068                                   : copy_decompress_lzss.c.obj (.text:decompress:lzss:__TI_decompress_lzss)
                  0000081c    00000048     driverlib.lib : gpio.obj (.text:GPIOPinConfigure)
                  00000864    00000046                   : uart.obj (.text:UARTConfigSetExpClk)
                  000008aa    00000002     --HOLE-- [fill = 0]
                  000008ac    00000044     rtsv7M4_T_le_v4SPD16_eabi.lib : autoinit.c.obj (.text:__TI_auto_init_nobinit_nopinit:__TI_auto_init_nobinit_nopinit)
                  000008f0    00000034     driverlib.lib : sysctl.obj (.text:SysCtlPeripheralEnable)
                  00000924    00000034     rtsv7M4_T_le_v4SPD16_eabi.lib : boot_cortex_m.c.obj (.text:_c_int00_noargs:_c_int00_noargs)
                  00000958    0000002a     driverlib.lib : gpio.obj (.text:GPIODirModeSet)
                  00000982    00000002     --HOLE-- [fill = 0]
                  00000984    00000020                   : uart.obj (.text:UARTDisable)
                  000009a4    00000018                   : gpio.obj (.text:GPIOPinTypeGPIOOutput)
                  000009bc    00000014                   : uart.obj (.text:UARTEnable)
                  000009d0    00000012                   : gpio.obj (.text:GPIOPinTypeGPIOInput)
                  000009e2    00000012                   : gpio.obj (.text:GPIOPinTypeUART)
                  000009f4    0000000e     rtsv7M4_T_le_v4SPD16_eabi.lib : copy_decompress_none.c.obj (.text:decompress:none:__TI_decompress_none)
                  00000a02    0000000c     tm4c123gh6pm_startup_ccs.obj (.text)
                  00000a0e    00000008     driverlib.lib : uart.obj (.text:UARTIntEnable)
                  00000a16    00000006                   : gpio.obj (.text:GPIOPinRead)
                  00000a1c    00000006                   : gpio.obj (.text:GPIOPinWrite)
                  00000a22    00000006                   : sysctl.obj (.text:SysCtlDelay)
                  00000a28    00000004     rtsv7M4_T_le_v4SPD16_eabi.lib : pre_init.c.obj (.text:_system_pre_init)
                  00000a2c    00000004                                   : exit.c.obj (.text:abort:abort)

.const     0    00000a30    000000fc     
                  00000a30    00000090     driverlib.lib : gpio.obj (.const:g_pui32GPIOBaseAddrs)
                  00000ac0    0000006c                   : sysctl.obj (.const:g_pui32Xtals)

.cinit     0    00000b30    00000018     
                  00000b30    00000008     (__TI_handler_table)
                  00000b38    00000007     (.cinit..data.load) [load image, compression = lzss]
                  00000b3f    00000001     --HOLE-- [fill = 0]
                  00000b40    00000008     (__TI_cinit_table)

.init_array 
*          0    00000000    00000000     UNINITIALIZED

.data      0    20000200    00000004     UNINITIALIZED
                  20000200    00000004     main.obj (.data)

.stack     0    20000000    00000200     UNINITIALIZED
                  20000000    00000004     rtsv7M4_T_le_v4SPD16_eabi.lib : boot_cortex_m.c.obj (.stack)
                  20000004    000001fc     --HOLE--

__llvm_prf_cnts 
*          0    20000000    00000000     UNINITIALIZED

MODULE SUMMARY

       Module                         code   ro data   rw data
       ------                         ----   -------   -------
    .\
       tm4c123gh6pm_startup_ccs.obj   12     620       0      
       main.obj                       372    0         4      
    +--+------------------------------+------+---------+---------+
       Total:                         384    620       4      
                                                              
    C:/ti/TivaWare_C_Series-2.1.4.178/driverlib/ccs/Debug/driverlib.lib
       sysctl.obj                     574    108       0      
       gpio.obj                       492    144       0      
       uart.obj                       130    0         0      
    +--+------------------------------+------+---------+---------+
       Total:                         1196   252       0      
                                                              
    C:\ti\ccs1031\ccs\tools\compiler\ti-cgt-arm_20.2.5.LTS\lib\rtsv7M4_T_le_v4SPD16_eabi.lib
       memcpy_t2.asm.obj              156    0         0      
       copy_decompress_lzss.c.obj     104    0         0      
       autoinit.c.obj                 68     0         0      
       boot_cortex_m.c.obj            52     0         0      
       copy_decompress_none.c.obj     14     0         0      
       exit.c.obj                     4      0         0      
       pre_init.c.obj                 4      0         0      
    +--+------------------------------+------+---------+---------+
       Total:                         402    0         0      
                                                              
       Stack:                         0      0         512    
       Linker Generated:              0      23        0      
    +--+------------------------------+------+---------+---------+
       Grand Total:                   1982   895       516    


LINKER GENERATED COPY TABLES

__TI_cinit_table @ 00000b40 records: 1, size/record: 8, table size: 8
	.data: load addr=00000b38, load size=00000007 bytes, run addr=20000200, run size=00000004 bytes, compression=lzss


LINKER GENERATED HANDLER TABLE

__TI_handler_table @ 00000b30 records: 2, size/record: 4, table size: 8
	index: 0, handler: __TI_decompress_lzss
	index: 1, handler: __TI_decompress_none


GLOBAL SYMBOLS: SORTED ALPHABETICALLY BY Name 

address   name                          
-------   ----                          
00000a2d  C$$EXIT                       
00000959  GPIODirModeSet                
000003e1  GPIOPadConfigSet              
0000081d  GPIOPinConfigure              
00000a17  GPIOPinRead                   
000009d1  GPIOPinTypeGPIOInput          
000009a5  GPIOPinTypeGPIOOutput         
000009e3  GPIOPinTypeUART               
00000a1d  GPIOPinWrite                  
00000371  InitUART                      
00000a03  ResetISR                      
00000515  SysCtlClockGet                
00000625  SysCtlClockSet                
00000a23  SysCtlDelay                   
000008f1  SysCtlPeripheralEnable        
00000865  UARTConfigSetExpClk           
00000985  UARTDisable                   
000009bd  UARTEnable                    
00000a0f  UARTIntEnable                 
20000200  __STACK_END                   
00000200  __STACK_SIZE                  
20000200  __STACK_TOP                   
00000b40  __TI_CINIT_Base               
00000b48  __TI_CINIT_Limit              
00000b30  __TI_Handler_Table_Base       
00000b38  __TI_Handler_Table_Limit      
000008ad  __TI_auto_init_nobinit_nopinit
000007b5  __TI_decompress_lzss          
000009f5  __TI_decompress_none          
ffffffff  __TI_pprof_out_hndl           
ffffffff  __TI_prof_data_size           
ffffffff  __TI_prof_data_start          
00000000  __TI_static_base__            
00000719  __aeabi_memcpy                
00000719  __aeabi_memcpy4               
00000719  __aeabi_memcpy8               
ffffffff  __binit__                     
ffffffff  __c_args__                    
UNDEFED   __mpu_init                    
20000000  __stack                       
20000000  __start___llvm_prf_cnts       
20000000  __stop___llvm_prf_cnts        
00000925  _c_int00_noargs               
UNDEFED   _system_post_cinit            
00000a29  _system_pre_init              
00000a2d  abort                         
ffffffff  binit                         
00000000  g_pfnVectors                  
0000026d  main                          
00000719  memcpy                        
20000200  parqueo1                      
20000201  parqueo2                      
20000202  parqueo3                      
20000203  parqueo4                      


GLOBAL SYMBOLS: SORTED BY Symbol Address 

address   name                          
-------   ----                          
00000000  __TI_static_base__            
00000000  g_pfnVectors                  
00000200  __STACK_SIZE                  
0000026d  main                          
00000371  InitUART                      
000003e1  GPIOPadConfigSet              
00000515  SysCtlClockGet                
00000625  SysCtlClockSet                
00000719  __aeabi_memcpy                
00000719  __aeabi_memcpy4               
00000719  __aeabi_memcpy8               
00000719  memcpy                        
000007b5  __TI_decompress_lzss          
0000081d  GPIOPinConfigure              
00000865  UARTConfigSetExpClk           
000008ad  __TI_auto_init_nobinit_nopinit
000008f1  SysCtlPeripheralEnable        
00000925  _c_int00_noargs               
00000959  GPIODirModeSet                
00000985  UARTDisable                   
000009a5  GPIOPinTypeGPIOOutput         
000009bd  UARTEnable                    
000009d1  GPIOPinTypeGPIOInput          
000009e3  GPIOPinTypeUART               
000009f5  __TI_decompress_none          
00000a03  ResetISR                      
00000a0f  UARTIntEnable                 
00000a17  GPIOPinRead                   
00000a1d  GPIOPinWrite                  
00000a23  SysCtlDelay                   
00000a29  _system_pre_init              
00000a2d  C$$EXIT                       
00000a2d  abort                         
00000b30  __TI_Handler_Table_Base       
00000b38  __TI_Handler_Table_Limit      
00000b40  __TI_CINIT_Base               
00000b48  __TI_CINIT_Limit              
20000000  __stack                       
20000000  __start___llvm_prf_cnts       
20000000  __stop___llvm_prf_cnts        
20000200  __STACK_END                   
20000200  __STACK_TOP                   
20000200  parqueo1                      
20000201  parqueo2                      
20000202  parqueo3                      
20000203  parqueo4                      
ffffffff  __TI_pprof_out_hndl           
ffffffff  __TI_prof_data_size           
ffffffff  __TI_prof_data_start          
ffffffff  __binit__                     
ffffffff  __c_args__                    
ffffffff  binit                         
UNDEFED   __mpu_init                    
UNDEFED   _system_post_cinit            

[54 symbols]
